Microchip Technology Inc, v1.30 (A)

Tool Name:
  c:\program files (x86)\microchip\xc16\v1.30\bin\bin\..\bin/elf-ld.exe

Command:
  -p24FJ64GA004 \
  -o \
  dist/default/production/Stimgrasp.X.production.elf \
  -Lc:/program files (x86)/microchip/xc16/v1.30/bin/bin/.. \
  -Lc:/program files (x86)/microchip/xc16/v1.30/bin/bin/../../lib \
  -Lc:/program files (x86)/microchip/xc16/v1.30/bin/bin/../../support/PIC24E/gld \
  -Lc:/program files (x86)/microchip/xc16/v1.30/bin/bin/../../support/PIC24F/gld \
  -Lc:/program files (x86)/microchip/xc16/v1.30/bin/bin/../../support/PIC24H/gld \
  -Lc:/program files (x86)/microchip/xc16/v1.30/bin/bin/../../support/dsPIC30F/gld \
  -Lc:/program files (x86)/microchip/xc16/v1.30/bin/bin/../../support/dsPIC33E/gld \
  -Lc:/program files (x86)/microchip/xc16/v1.30/bin/bin/../../support/dsPIC33F/gld \
  build/default/production/Libs/adc.o \
  build/default/production/Libs/i2c1.o \
  build/default/production/Libs/i2c2.o \
  build/default/production/Libs/ic.o \
  build/default/production/Libs/pwm.o \
  build/default/production/Libs/spi1.o \
  build/default/production/Libs/spi2.o \
  build/default/production/Libs/system.o \
  build/default/production/Libs/timers.o \
  build/default/production/Libs/uart1.o \
  build/default/production/Libs/uart2.o \
  build/default/production/main.o \
  --defsym=__MPLAB_BUILD=1 \
  -Tp24FJ64GA004.gld.00 \
  --stack=16 \
  --check-sections \
  --data-init \
  --pack-data \
  --handles \
  --isr \
  --no-gc-sections \
  --fill-upper=0 \
  --stackguard=16 \
  --no-force-link \
  --smart-io \
  -Map=dist/default/production/Stimgrasp.X.production.map \
  --report-mem \
  --memorysummary \
  dist/default/production/memoryfile.xml \
  -start-group \
  --library=lega-pic30-elf \
  --library=m-elf \
  --library=lega-c-elf \
  -end-group \


Optional library libpPIC24Fxxx.a not found
Archive member included because of file (symbol)

c:/program files (x86)/microchip/xc16/v1.30/bin/bin/../../lib\liblega-pic30-elf.a(crt0_standard.o)
                              (__resetPRI)
c:/program files (x86)/microchip/xc16/v1.30/bin/bin/../../lib\liblega-pic30-elf.a(data_init_standard.o)
                              c:/program files (x86)/microchip/xc16/v1.30/bin/bin/../../lib\liblega-pic30-elf.a(crt0_standard.o) (__data_init_standard)
c:/program files (x86)/microchip/xc16/v1.30/bin/bin/../../lib\liblega-pic30-elf.a(crt_start_mode_normal.Leo)
                              (__crt_start_mode_normal)
c:/program files (x86)/microchip/xc16/v1.30/bin/bin/../../lib\liblega-pic30-elf.a(delay32.Leo)
                              build/default/production/Libs/timers.o (___delay32)
c:/program files (x86)/microchip/xc16/v1.30/bin/bin/../../lib\libm-elf.a(addsf3.eo)
                              build/default/production/Libs/i2c1.o (___subsf3)
c:/program files (x86)/microchip/xc16/v1.30/bin/bin/../../lib\libm-elf.a(divsf3.eo)
                              build/default/production/Libs/i2c1.o (___divsf3)
c:/program files (x86)/microchip/xc16/v1.30/bin/bin/../../lib\libm-elf.a(feqltle.eo)
                              build/default/production/Libs/pwm.o (___eqsf2)
c:/program files (x86)/microchip/xc16/v1.30/bin/bin/../../lib\libm-elf.a(fgtge.eo)
                              build/default/production/Libs/timers.o (___gtsf2)
c:/program files (x86)/microchip/xc16/v1.30/bin/bin/../../lib\libm-elf.a(fixsfsi.eo)
                              build/default/production/main.o (_(float, int, long long, short, float, short, int))
c:/program files (x86)/microchip/xc16/v1.30/bin/bin/../../lib\libm-elf.a(fixunssfsi.eo)
                              build/default/production/Libs/i2c1.o (___fixunssfsi)
c:/program files (x86)/microchip/xc16/v1.30/bin/bin/../../lib\libm-elf.a(floatsisf.eo)
                              build/default/production/Libs/i2c1.o (___floatsisf)
c:/program files (x86)/microchip/xc16/v1.30/bin/bin/../../lib\libm-elf.a(fpack.eo)
                              c:/program files (x86)/microchip/xc16/v1.30/bin/bin/../../lib\libm-elf.a(addsf3.eo) (__fpack)
c:/program files (x86)/microchip/xc16/v1.30/bin/bin/../../lib\libm-elf.a(funpack.eo)
                              c:/program files (x86)/microchip/xc16/v1.30/bin/bin/../../lib\libm-elf.a(fixsfsi.eo) (__funpack)
c:/program files (x86)/microchip/xc16/v1.30/bin/bin/../../lib\libm-elf.a(funpack2.eo)
                              c:/program files (x86)/microchip/xc16/v1.30/bin/bin/../../lib\libm-elf.a(addsf3.eo) (__funpack2)
c:/program files (x86)/microchip/xc16/v1.30/bin/bin/../../lib\libm-elf.a(futil.eo)
                              c:/program files (x86)/microchip/xc16/v1.30/bin/bin/../../lib\libm-elf.a(addsf3.eo) (__fPropagateNaN)
c:/program files (x86)/microchip/xc16/v1.30/bin/bin/../../lib\libm-elf.a(mulsf3.eo)
                              build/default/production/Libs/pwm.o (___mulsf3)
c:/program files (x86)/microchip/xc16/v1.30/bin/bin/../../lib\libm-elf.a(powf.eo)
[...]
Memory Configuration

Name             Origin             Length             Attributes
data             0x000800           0x002000           a !xr
reset            0x000000           0x000004  
ivt              0x000004           0x0000fc  
_reserved        0x000100           0x000004  
aivt             0x000104           0x0000fc  
program          0x000200           0x00a9fc           xr
CONFIG2          0x00abfc           0x000002  
CONFIG1          0x00abfe           0x000002  
*default*        0x000000           0xffffffff  

Linker script and memory map

LOAD build/default/production/Libs/adc.o
LOAD build/default/production/Libs/i2c1.o
LOAD build/default/production/Libs/i2c2.o
LOAD build/default/production/Libs/ic.o
LOAD build/default/production/Libs/pwm.o
LOAD build/default/production/Libs/spi1.o
LOAD build/default/production/Libs/spi2.o
LOAD build/default/production/Libs/system.o
LOAD build/default/production/Libs/timers.o
LOAD build/default/production/Libs/uart1.o
LOAD build/default/production/Libs/uart2.o
LOAD build/default/production/main.o
                    0x0001                  __MPLAB_BUILD = 0x1
LOAD pPIC24Fxxx
LOAD c:/program files (x86)/microchip/xc16/v1.30/bin/bin/../../lib\libfx-elf.a
                    0xabfc                  __CONFIG2 = 0xabfc
                    0xabfe                  __CONFIG1 = 0xabfe
                    0x0001                  __NO_HANDLES = 0x1
                    0x0200                  __CODE_BASE = 0x200
                    0xa9fc                  __CODE_LENGTH = 0xa9fc
                    0x0004                  __IVT_BASE = 0x4
                    0x0104                  __AIVT_BASE = 0x104
                    0x0800                  __DATA_BASE = 0x800
                    0x2000                  __DATA_LENGTH = 0x2000

.reset            0x000000          0x4
                  0x000000          0x2 SHORT 0x200 ABSOLUTE (__reset)
                  0x000001          0x2 SHORT 0x4
                  0x000002          0x2 SHORT 0x0 ((ABSOLUTE (__reset) >> 0x10) & 0x7f)
                  0x000003          0x2 SHORT 0x0

.text             0x000200       0x31a2
 *(.init)
 .init            0x000200         0x4c c:/program files (x86)/microchip/xc16/v1.30/bin/bin/../../lib\liblega-pic30-elf.a(crt0_standard.o)
                  0x000200                  __resetPRI
                  0x000200                  __reset
                  0x00023c                  __psv_init
 .init            0x00024c         0x7c c:/program files (x86)/microchip/xc16/v1.30/bin/bin/../../lib\liblega-pic30-elf.a(data_init_standard.o)
                  0x000252                  __data_init_standard
                  0x000252                  __data_init
 *(.user_init)
 *(.handle)
 *(.isr*)
 .isr.text        0x0002d8        0x596 build/default/production/Libs/ic.o
                  0x0002d8                  __IC1Interrupt
                  0x0002e8                  __IC2Interrupt
                  0x0002f8                  __IC3Interrupt
                  0x000308                  __IC4Interrupt
                  0x000318                  __IC5Interrupt
                  0x000328                  _IC1_set
                  0x00034e                  _IC1_Start
                  0x00036e                  _IC1_Stop
                  0x000380                  _IC1_Wait4Edge
                  0x000436                  _IC2_set
                  0x00045c                  _IC2_Start
                  0x00047c                  _IC2_Stop
                  0x00048e                  _IC2_Wait4Edge
                  0x000544                  _IC3_set
                  0x00056a                  _IC3_Start
                  0x00058a                  _IC3_Stop
                  0x00059c                  _IC3_Wait4Edge
                  0x000652                  _IC4_set
                  0x00067a                  _IC4_Start
                  0x000698                  _IC4_Stop
                  0x0006aa                  _IC4_Wait4Edge
                  0x000760                  _IC5_set
                  0x000786                  _IC5_Start
                  0x0007a6                  _IC5_Stop
                  0x0007b8                  _IC5_Wait4Edge
 .isr.text        0x00086e        0x310 build/default/production/Libs/spi1.o
                  0x00086e                  __SPI1Interrupt
                  0x000894                  _SPI1_set
                  0x0009c2                  _SPI1_setWithSS
                  0x000af8                  _SPI1_Send_Bytes
                  0x000b4e                  _SPI1_Send
 .isr.text        0x000b7e        0x310 build/default/production/Libs/spi2.o
                  0x000b7e                  __SPI2Interrupt
                  0x000ba4                  _SPI2_set
                  0x000cd2                  _SPI2_setWithSS
                  0x000e08                  _SPI2_Send_Bytes
                  0x000e5e                  _SPI2_Send
 .isr.text        0x000e8e        0x9b4 build/default/production/Libs/timers.o
                  0x000e8e                  __T2Interrupt
                  0x000ea6                  __T3Interrupt
                  0x000ebe                  __T5Interrupt
                  0x000ed6                  _delay_ms
                  0x000ef8                  _delay_us
                  0x000f1a                  _Timer1_set
                  0x001088                  _Timer1_Start
                  0x001096                  _Timer1_Stop
                  0x0010a0                  _timer1_counter
                  0x0010aa                  _Timer2_set
                  0x00128c                  _Timer2_Start
                  0x0012ac                  _Timer2_Stop
                  0x0012c2                  _timer2_counter
                  0x0012da                  _Timer3_set
                  0x001454                  _Timer3_Start
                  0x001464                  _Timer3_Stop
                  0x00146e                  _timer3_counter
                  0x001478                  _Timer4_set
                  0x00165a                  _Timer4_Start
                  0x001678                  _Timer4_Stop
                  0x00168e                  _timer4_counter
                  0x0016a6                  _Timer5_set
                  0x001820                  _Timer5_Start
                  0x00182e                  _Timer5_Stop
                  0x001838                  _timer5_counter
 .isr.text        0x001842        0x420 build/default/production/Libs/uart1.o
                  0x001842                  __U1RXInterrupt
                  0x001862                  _UART1_set
                  0x00190c                  _UART1_Advanced_set
                  0x0019a8                  _UART1_Send
                  0x0019da                  _UART1_Send_Char
                  0x0019f2                  _RX1_Start
                  0x0019fa                  _RX1_Stop
                  0x001a02                  _UART1_Receive
                  0x001abc                  _UART1_Receive_TimeOut
 .isr             0x001c62          0x4 default_isr
                  0x001c62                  __DefaultInterrupt
 *(.libc)
 .libc            0x001c66         0x12 c:/program files (x86)/microchip/xc16/v1.30/bin/bin/../../lib\liblega-pic30-elf.a(close.Leo)
                  0x001c66                  _close
 .libc            0x001c78         0x5a c:/program files (x86)/microchip/xc16/v1.30/bin/bin/../../lib\liblega-pic30-elf.a(write.Leo)
                  0x001c78                  _write
 .libc            0x001cd2         0x12 c:/program files (x86)/microchip/xc16/v1.30/bin/bin/../../lib\liblega-pic30-elf.a(remove.Leo)
                  0x001cd2                  _remove
 .libc            0x001ce4         0x28 c:/program files (x86)/microchip/xc16/v1.30/bin/bin/../../lib\liblega-pic30-elf.a(sbrk.Leo)
                  0x001ce4                  _sbrk
 .libc            0x001d0c         0x1a c:/program files (x86)/microchip/xc16/v1.30/bin/bin/../../lib\liblega-pic30-elf.a(brk.Lelo)
                  0x001d0c                  _brk
 *(.libm)
 *(.libdsp)
 *(.lib*)
 .libpic30_crt_start_mode
                  0x001d26          0x2 c:/program files (x86)/microchip/xc16/v1.30/bin/bin/../../lib\liblega-pic30-elf.a(crt_start_mode_normal.Leo)
                  0x001d26                  __crt_start_mode
                  0x001d26                  __crt_start_mode_normal
 .libm.subsf3     0x001d28         0xbc c:/program files (x86)/microchip/xc16/v1.30/bin/bin/../../lib\libm-elf.a(addsf3.eo)
                  0x001d28                  ___subsf3
                  0x001d2a                  ___addsf3
 .libm.divfs3     0x001de4         0x84 c:/program files (x86)/microchip/xc16/v1.30/bin/bin/../../lib\libm-elf.a(divsf3.eo)
                  0x001de4                  ___divsf3
 .libm.eqsf2      0x001e68          0x4 c:/program files (x86)/microchip/xc16/v1.30/bin/bin/../../lib\libm-elf.a(feqltle.eo)
                  0x001e68                  ___eqsf2
                  0x001e68                  ___ltsf2
                  0x001e68                  ___lesf2
 .libm.gtsf2      0x001e6c          0x4 c:/program files (x86)/microchip/xc16/v1.30/bin/bin/../../lib\libm-elf.a(fgtge.eo)
                  0x001e6c                  ___gesf2
                  0x001e6c                  ___gtsf2
 .libm.fixsfsi    0x001e70         0x42 c:/program files (x86)/microchip/xc16/v1.30/bin/bin/../../lib\libm-elf.a(fixsfsi.eo)
                  0x001e70                  _(float, int, long long, short, float, short, int)
 .libm.fixunssfsi
                  0x001eb2         0x36 c:/program files (x86)/microchip/xc16/v1.30/bin/bin/../../lib\libm-elf.a(fixunssfsi.eo)
                  0x001eb2                  ___fixunssfsi
 .libm.floatsisf
                  0x001ee8          0x6 c:/program files (x86)/microchip/xc16/v1.30/bin/bin/../../lib\libm-elf.a(floatsisf.eo)
                  0x001ee8                  ___floatsisf
 .libm.fpack      0x001eee         0x4c c:/program files (x86)/microchip/xc16/v1.30/bin/bin/../../lib\libm-elf.a(fpack.eo)
                  0x001eee                  __fpack
 .libm.funpack    0x001f3a         0x2a c:/program files (x86)/microchip/xc16/v1.30/bin/bin/../../lib\libm-elf.a(funpack.eo)
                  0x001f3a                  __funpack
 .libm.funpack2
                  0x001f64         0x10 c:/program files (x86)/microchip/xc16/v1.30/bin/bin/../../lib\libm-elf.a(funpack2.eo)
                  0x001f64                  __funpack2
 .libm.fPropagateNaN
                  0x001f74         0x12 c:/program files (x86)/microchip/xc16/v1.30/bin/bin/../../lib\libm-elf.a(futil.eo)
                  0x001f74                  __fPropagateNaN
 .libm.fbobExit
                  0x001f86          0x8 c:/program files (x86)/microchip/xc16/v1.30/bin/bin/../../lib\libm-elf.a(futil.eo)
                  0x001f86                  __fbopExit
 .libm.fbopReturnNaN
                  0x001f8e          0x6 c:/program files (x86)/microchip/xc16/v1.30/bin/bin/../../lib\libm-elf.a(futil.eo)
                  0x001f8e                  __fbopReturnNaN
 .libm.mulsf3     0x001f94         0x68 c:/program files (x86)/microchip/xc16/v1.30/bin/bin/../../lib\libm-elf.a(mulsf3.eo)
                  0x001f94                  ___mulsf3
 .libm.powf       0x001ffc        0x1c6 c:/program files (x86)/microchip/xc16/v1.30/bin/bin/../../lib\libm-elf.a(powf.eo)
                  0x001ffc                  _powf
 .libm.__PplusBdi
                  0x0021c2         0x26 c:/program files (x86)/microchip/xc16/v1.30/bin/bin/../../lib\libm-elf.a(divmoddi3.eo)
 .libm.__PminusBdi
                  0x0021e8         0x26 c:/program files (x86)/microchip/xc16/v1.30/bin/bin/../../lib\libm-elf.a(divmoddi3.eo)
 .libm.__udivmoddi3
                  0x00220e         0xe6 c:/program files (x86)/microchip/xc16/v1.30/bin/bin/../../lib\libm-elf.a(divmoddi3.eo)
                  0x00220e                  ___udivmoddi3
 .libm.__udivdi3
                  0x0022f4          0xe c:/program files (x86)/microchip/xc16/v1.30/bin/bin/../../lib\libm-elf.a(divmoddi3.eo)
                  0x0022f4                  ___udivdi3
 .libm.__umoddi3
                  0x002302          0x8 c:/program files (x86)/microchip/xc16/v1.30/bin/bin/../../lib\libm-elf.a(divmoddi3.eo)
                  0x002302                  ___umoddi3
 .libm.__divdi3
                  0x00230a         0x60 c:/program files (x86)/microchip/xc16/v1.30/bin/bin/../../lib\libm-elf.a(divmoddi3.eo)
                  0x00230a                  ___divdi3
 .libm.__moddi3
                  0x00236a         0x5c c:/program files (x86)/microchip/xc16/v1.30/bin/bin/../../lib\libm-elf.a(divmoddi3.eo)
                  0x00236a                  ___moddi3
 .libm.__muldi3
                  0x0023c6         0x52 c:/program files (x86)/microchip/xc16/v1.30/bin/bin/../../lib\libm-elf.a(muldi3.eo)
                  0x0023c6                  ___muldi3
 .libm.frexpf     0x002418         0x1a c:/program files (x86)/microchip/xc16/v1.30/bin/bin/../../lib\libm-elf.a(_frexpf.eo)
                  0x002418                  __frexpf
 .libm.expf       0x002432         0xc4 c:/program files (x86)/microchip/xc16/v1.30/bin/bin/../../lib\libm-elf.a(expf.eo)
                  0x002432                  _expf
 .libm.fchop      0x0024f6         0x4e c:/program files (x86)/microchip/xc16/v1.30/bin/bin/../../lib\libm-elf.a(fchop.eo)
                  0x0024f6                  __fchop
 .libm.fcompare
                  0x002544         0x36 c:/program files (x86)/microchip/xc16/v1.30/bin/bin/../../lib\libm-elf.a(fcompare.eo)
                  0x002544                  __fcompare
 .libm.floatdisf
                  0x00257a         0x20 c:/program files (x86)/microchip/xc16/v1.30/bin/bin/../../lib\libm-elf.a(floatdisf.eo)
                  0x00257a                  ___floatdisf
 .libm.floatundisf
                  0x00259a         0x5e c:/program files (x86)/microchip/xc16/v1.30/bin/bin/../../lib\libm-elf.a(floatundisf.eo)
                  0x00259a                  ___floatundisf
 .libm.ldexpf     0x0025f8         0x44 c:/program files (x86)/microchip/xc16/v1.30/bin/bin/../../lib\libm-elf.a(ldexpf.eo)
                  0x0025f8                  _ldexpf
 .libm.logf       0x00263c         0xae c:/program files (x86)/microchip/xc16/v1.30/bin/bin/../../lib\libm-elf.a(logf.eo)
                  0x00263c                  _logf
 .libm.umuldi3    0x0026ea         0x44 c:/program files (x86)/microchip/xc16/v1.30/bin/bin/../../lib\libm-elf.a(umuldi3.eo)
                  0x0026ea                  ___umuldi3
 .libc.strcmp     0x00272e         0x20 c:/program files (x86)/microchip/xc16/v1.30/bin/bin/../../lib\liblega-c-elf.a(strcmp.XX_eo)
                  0x00272e                  _strcmp
 .libc.strcpy     0x00274e          0xc c:/program files (x86)/microchip/xc16/v1.30/bin/bin/../../lib\liblega-c-elf.a(strcpy.XX_eo)
                  0x00274e                  _strcpy
 .libc.strlen     0x00275a          0xc c:/program files (x86)/microchip/xc16/v1.30/bin/bin/../../lib\liblega-c-elf.a(strlen.XX_eo)
                  0x00275a                  _strlen
 .libc.strncmp    0x002766         0x28 c:/program files (x86)/microchip/xc16/v1.30/bin/bin/../../lib\liblega-c-elf.a(strncmp.XX_eo)
                  0x002766                  _strncmp
 .libc.strncpy    0x00278e         0x1e c:/program files (x86)/microchip/xc16/v1.30/bin/bin/../../lib\liblega-c-elf.a(strncpy.XX_eo)
                  0x00278e                  _strncpy
 .libc.prout      0x0027ac         0x1c c:/program files (x86)/microchip/xc16/v1.30/bin/bin/../../lib\liblega-c-elf.a(printf_cdnopuxX.XXeo)
                  0x0027ac                  printf_cdnopuxX.XXeo:_prout
 .libc._printf_cdnopuxX
                  0x0027c8         0x10 c:/program files (x86)/microchip/xc16/v1.30/bin/bin/../../lib\liblega-c-elf.a(printf_cdnopuxX.XXeo)
                  0x0027c8                  __printf_cdnopuxX
 .libc.prout      0x0027d8          0xe c:/program files (x86)/microchip/xc16/v1.30/bin/bin/../../lib\liblega-c-elf.a(sprintf_cdnopuxX.XXeo)
                  0x0027d8                  sprintf_cdnopuxX.XXeo:_prout
 .libc._sprintf_cdnopuxX
                  0x0027e6         0x1e c:/program files (x86)/microchip/xc16/v1.30/bin/bin/../../lib\liblega-c-elf.a(sprintf_cdnopuxX.XXeo)
                  0x0027e6                  __sprintf_cdnopuxX
 .libc.__Printf_cdnopuxX
                  0x002804        0x164 c:/program files (x86)/microchip/xc16/v1.30/bin/bin/../../lib\liblega-c-elf.a(xprintf_cdnopuxX.XXeo)
                  0x002804                  ___Printf_cdnopuxX
 .libc.__Putfld_cdnopuxX
                  0x002968        0x210 c:/program files (x86)/microchip/xc16/v1.30/bin/bin/../../lib\liblega-c-elf.a(xputfld_cdnopuxX.XXeo)
                  0x002968                  ___Putfld_cdnopuxX
 .libc.fwrite     0x002b78         0xa8 c:/program files (x86)/microchip/xc16/v1.30/bin/bin/../../lib\liblega-c-elf.a(fwrite.XX_eo)
                  0x002b78                  _fwrite
 .libc.memchr     0x002c20         0x14 c:/program files (x86)/microchip/xc16/v1.30/bin/bin/../../lib\liblega-c-elf.a(memchr.XX_eo)
                  0x002c20                  _memchr
 .libc.memcpy     0x002c34          0xe c:/program files (x86)/microchip/xc16/v1.30/bin/bin/../../lib\liblega-c-elf.a(memcpy.XX_eo)
                  0x002c34                  _memcpy
 .libc.strchr     0x002c42         0x18 c:/program files (x86)/microchip/xc16/v1.30/bin/bin/../../lib\liblega-c-elf.a(strchr.XX_eo)
                  0x002c42                  _strchr
 .libc._Fwprep    0x002c5a         0x8e c:/program files (x86)/microchip/xc16/v1.30/bin/bin/../../lib\liblega-c-elf.a(xfwprep.XX_eo)
                  0x002c5a                  __Fwprep
 .libc._Litob     0x002ce8        0x25e c:/program files (x86)/microchip/xc16/v1.30/bin/bin/../../lib\liblega-c-elf.a(xlitob.XX_eo)
                  0x002ce8                  __Litob
 .libc._Puttxt    0x002f46        0x178 c:/program files (x86)/microchip/xc16/v1.30/bin/bin/../../lib\liblega-c-elf.a(xputtxt.XX_eo)
                  0x002f46                  __Puttxt
 .libc._Vacopy    0x0030be          0x4 c:/program files (x86)/microchip/xc16/v1.30/bin/bin/../../lib\liblega-c-elf.a(xvacopy.XX_eo)
                  0x0030be                  __Vacopy
 .libc.closeallreg
                  0x0030c2          0x4 c:/program files (x86)/microchip/xc16/v1.30/bin/bin/../../lib\liblega-c-elf.a(fclose.XX_elo)
 .libc._Closreg
                  0x0030c6         0x12 c:/program files (x86)/microchip/xc16/v1.30/bin/bin/../../lib\liblega-c-elf.a(fclose.XX_elo)
                  0x0030c6                  __Closreg
 .libc.fclose     0x0030d8         0x90 c:/program files (x86)/microchip/xc16/v1.30/bin/bin/../../lib\liblega-c-elf.a(fclose.XX_elo)
                  0x0030d8                  _fclose
 .libc.closeall
                  0x003168         0x20 c:/program files (x86)/microchip/xc16/v1.30/bin/bin/../../lib\liblega-c-elf.a(fclose.XX_elo)
                  0x003168                  fclose.XX_elo:_closeall
 .libc._DNKfflush
                  0x003188         0x74 c:/program files (x86)/microchip/xc16/v1.30/bin/bin/../../lib\liblega-c-elf.a(fflush.XX_elo)
                  0x003188                  __DNKfflush
 .libc._Atexit    0x0031fc         0x18 c:/program files (x86)/microchip/xc16/v1.30/bin/bin/../../lib\liblega-c-elf.a(xatexit.XX_elo)
                  0x0031fc                  __Atexit
 .libc.free       0x003214         0x64 c:/program files (x86)/microchip/xc16/v1.30/bin/bin/../../lib\liblega-c-elf.a(free.XX_eo)
                  0x003214                  _free
 .libc.findmem    0x003278         0x66 c:/program files (x86)/microchip/xc16/v1.30/bin/bin/../../lib\liblega-c-elf.a(malloc.XX_eo)
 .libc.malloc     0x0032de         0x54 c:/program files (x86)/microchip/xc16/v1.30/bin/bin/../../lib\liblega-c-elf.a(malloc.XX_eo)
                  0x0032de                  _malloc
 .libc._Getmem    0x003332         0x14 c:/program files (x86)/microchip/xc16/v1.30/bin/bin/../../lib\liblega-c-elf.a(xgetmem.XX_eo)
                  0x003332                  __Getmem
 .libc.doclose    0x003346          0x4 c:/program files (x86)/microchip/xc16/v1.30/bin/bin/../../lib\liblega-pic30-elf.a(close.Leo)
 .libc.dowrite    0x00334a          0x4 c:/program files (x86)/microchip/xc16/v1.30/bin/bin/../../lib\liblega-pic30-elf.a(write.Leo)
 .libc.doremove
                  0x00334e          0x4 c:/program files (x86)/microchip/xc16/v1.30/bin/bin/../../lib\liblega-pic30-elf.a(remove.Leo)
 .libm.divsi3     0x003352         0x1e c:/program files (x86)/microchip/xc16/v1.30/bin/bin/../../lib\libm-elf.a(divsi3.eo)
                  0x003352                  ___divsi3
 .libm.udivsi3    0x003370         0x20 c:/program files (x86)/microchip/xc16/v1.30/bin/bin/../../lib\libm-elf.a(udivsi3.eo)
                  0x003370                  ___udivsi3
 .libm.umodsi3    0x003390          0x6 c:/program files (x86)/microchip/xc16/v1.30/bin/bin/../../lib\libm-elf.a(umodsi3.eo)
                  0x003390                  ___umodsi3
 .libm.mulsi3     0x003396          0xc c:/program files (x86)/microchip/xc16/v1.30/bin/bin/../../lib\libm-elf.a(mulsi3.eo)
                  0x003396                  ___mulp32peds3
                  0x003396                  ___mulsi3
                  0x003396                  ___mulp32eds3

usercode
 *(usercode)

__CONFIG2
 *(__CONFIG2.sec*)

__CONFIG1
 *(__CONFIG1.sec*)

.comment          0x000000         0x5e
 *(.comment)
 .comment         0x000000         0x5e c:/program files (x86)/microchip/xc16/v1.30/bin/bin/../../lib\liblega-c-elf.a(xfiles.XX_eo)

.debug_info       0x000000       0xc5ab
 *(.debug_info)
 .debug_info      0x000000        0x791 build/default/production/Libs/adc.o
 .debug_info      0x000791        0x7de build/default/production/Libs/i2c1.o
 .debug_info      0x000f6f        0x693 build/default/production/Libs/i2c2.o
 .debug_info      0x001602       0x10fc build/default/production/Libs/ic.o
 .debug_info      0x0026fe        0xae7 build/default/production/Libs/pwm.o
 .debug_info      0x0031e5        0xb71 build/default/production/Libs/spi1.o
 .debug_info      0x003d56        0x9e7 build/default/production/Libs/spi2.o
 .debug_info      0x00473d       0x327a build/default/production/Libs/system.o
 .debug_info      0x0079b7       0x116f build/default/production/Libs/timers.o
 .debug_info      0x008b26        0xb3a build/default/production/Libs/uart1.o
 .debug_info      0x009660        0xa03 build/default/production/Libs/uart2.o
 .debug_info      0x00a063       0x2548 build/default/production/main.o
 *(.gnu.linkonce.wi.*)

.debug_abbrev     0x000000        0xff0
 *(.debug_abbrev)
 .debug_abbrev    0x000000         0xf5 build/default/production/Libs/adc.o
 .debug_abbrev    0x0000f5        0x102 build/default/production/Libs/i2c1.o
 .debug_abbrev    0x0001f7        0x102 build/default/production/Libs/i2c2.o
 .debug_abbrev    0x0002f9        0x181 build/default/production/Libs/ic.o
 .debug_abbrev    0x00047a        0x11e build/default/production/Libs/pwm.o
 .debug_abbrev    0x000598        0x142 build/default/production/Libs/spi1.o
 .debug_abbrev    0x0006da        0x11e build/default/production/Libs/spi2.o
 .debug_abbrev    0x0007f8         0xdc build/default/production/Libs/system.o
 .debug_abbrev    0x0008d4        0x1e2 build/default/production/Libs/timers.o
 .debug_abbrev    0x000ab6        0x183 build/default/production/Libs/uart1.o
 .debug_abbrev    0x000c39        0x15f build/default/production/Libs/uart2.o
 .debug_abbrev    0x000d98        0x258 build/default/production/main.o

.debug_line       0x000000       0x16cd
 *(.debug_line)
 .debug_line      0x000000         0xac build/default/production/Libs/adc.o
 .debug_line      0x0000ac         0xce build/default/production/Libs/i2c1.o
 .debug_line      0x00017a         0xc9 build/default/production/Libs/i2c2.o
 .debug_line      0x000243        0x19c build/default/production/Libs/ic.o
 .debug_line      0x0003df         0xf5 build/default/production/Libs/pwm.o
 .debug_line      0x0004d4        0x11c build/default/production/Libs/spi1.o
 .debug_line      0x0005f0        0x11c build/default/production/Libs/spi2.o
 .debug_line      0x00070c        0x10f build/default/production/Libs/system.o
 .debug_line      0x00081b        0x197 build/default/production/Libs/timers.o
 .debug_line      0x0009b2        0x12c build/default/production/Libs/uart1.o
 .debug_line      0x000ade        0x12e build/default/production/Libs/uart2.o
 .debug_line      0x000c0c        0xac1 build/default/production/main.o

.debug_frame      0x000000       0x10c0
 *(.debug_frame)
 .debug_frame     0x000000         0x68 build/default/production/Libs/adc.o
 .debug_frame     0x000068        0x116 build/default/production/Libs/i2c1.o
 .debug_frame     0x00017e        0x116 build/default/production/Libs/i2c2.o
 .debug_frame     0x000294        0x2f8 build/default/production/Libs/ic.o
 .debug_frame     0x00058c         0x6e build/default/production/Libs/pwm.o
 .debug_frame     0x0005fa         0xc8 build/default/production/Libs/spi1.o
 .debug_frame     0x0006c2         0xc8 build/default/production/Libs/spi2.o
 .debug_frame     0x00078a         0x68 build/default/production/Libs/system.o
 .debug_frame     0x0007f2        0x306 build/default/production/Libs/timers.o
 .debug_frame     0x000af8        0x122 build/default/production/Libs/uart1.o
 .debug_frame     0x000c1a        0x11e build/default/production/Libs/uart2.o
 .debug_frame     0x000d38        0x388 build/default/production/main.o

.debug_str        0x000000        0x93d
 *(.debug_str)
 .debug_str       0x000000         0x2d build/default/production/Libs/adc.o
 .debug_str       0x00002d         0x2b build/default/production/Libs/i2c1.o
 .debug_str       0x000058         0x22 build/default/production/Libs/i2c2.o
 .debug_str       0x00007a         0xc4 build/default/production/Libs/ic.o
 .debug_str       0x00013e         0x88 build/default/production/Libs/pwm.o
 .debug_str       0x0001c6         0x6a build/default/production/Libs/spi1.o
 .debug_str       0x000230         0x6a build/default/production/Libs/spi2.o
 .debug_str       0x00029a        0x166 build/default/production/Libs/system.o
 .debug_str       0x000400         0x9a build/default/production/Libs/timers.o
 .debug_str       0x00049a         0xd3 build/default/production/Libs/uart1.o
 .debug_str       0x00056d         0xca build/default/production/Libs/uart2.o
 .debug_str       0x000637        0x306 build/default/production/main.o

.debug_loc
 *(.debug_loc)

.debug_macinfo
 *(.debug_macinfo)

.debug_pubnames
                  0x000000        0xdf6
 *(.debug_pubnames)
 .debug_pubnames
                  0x000000         0x43 build/default/production/Libs/adc.o
 .debug_pubnames
                  0x000043         0xbc build/default/production/Libs/i2c1.o
 .debug_pubnames
                  0x0000ff         0xbc build/default/production/Libs/i2c2.o
 .debug_pubnames
                  0x0001bb        0x1fc build/default/production/Libs/ic.o
 .debug_pubnames
                  0x0003b7         0x64 build/default/production/Libs/pwm.o
 .debug_pubnames
                  0x00041b         0x67 build/default/production/Libs/spi1.o
 .debug_pubnames
                  0x000482         0x67 build/default/production/Libs/spi2.o
 .debug_pubnames
                  0x0004e9         0x44 build/default/production/Libs/system.o
 .debug_pubnames
                  0x00052d        0x1e5 build/default/production/Libs/timers.o
 .debug_pubnames
                  0x000712         0xcf build/default/production/Libs/uart1.o
 .debug_pubnames
                  0x0007e1         0xd3 build/default/production/Libs/uart2.o
 .debug_pubnames
                  0x0008b4        0x542 build/default/production/main.o

.debug_ranges
 *(.debug_ranges)

.debug_aranges    0x000000        0x120
 *(.debug_aranges)
 .debug_aranges
                  0x000000         0x18 build/default/production/Libs/adc.o
 .debug_aranges
                  0x000018         0x18 build/default/production/Libs/i2c1.o
 .debug_aranges
                  0x000030         0x18 build/default/production/Libs/i2c2.o
 .debug_aranges
                  0x000048         0x18 build/default/production/Libs/ic.o
 .debug_aranges
                  0x000060         0x18 build/default/production/Libs/pwm.o
 .debug_aranges
                  0x000078         0x18 build/default/production/Libs/spi1.o
 .debug_aranges
                  0x000090         0x18 build/default/production/Libs/spi2.o
 .debug_aranges
                  0x0000a8         0x18 build/default/production/Libs/system.o
 .debug_aranges
                  0x0000c0         0x18 build/default/production/Libs/timers.o
 .debug_aranges
                  0x0000d8         0x18 build/default/production/Libs/uart1.o
 .debug_aranges
                  0x0000f0         0x18 build/default/production/Libs/uart2.o
 .debug_aranges
                  0x000108         0x18 build/default/production/main.o
                    0x0000                  WREG0 = 0x0
                    0x0000                  _WREG0 = 0x0
                    0x0002                  WREG1 = 0x2
                    0x0002                  _WREG1 = 0x2
                    0x0004                  WREG2 = 0x4
                    0x0004                  _WREG2 = 0x4
                    0x0006                  WREG3 = 0x6
                    0x0006                  _WREG3 = 0x6
                    0x0008                  WREG4 = 0x8
                    0x0008                  _WREG4 = 0x8
                    0x000a                  WREG5 = 0xa
                    0x000a                  _WREG5 = 0xa
                    0x000c                  WREG6 = 0xc
                    0x000c                  _WREG6 = 0xc
                    0x000e                  WREG7 = 0xe
                    0x000e                  _WREG7 = 0xe
                    0x0010                  WREG8 = 0x10
                    0x0010                  _WREG8 = 0x10
                    0x0012                  WREG9 = 0x12
                    0x0012                  _WREG9 = 0x12
                    0x0014                  WREG10 = 0x14
                    0x0014                  _WREG10 = 0x14
                    0x0016                  WREG11 = 0x16
                    0x0016                  _WREG11 = 0x16
                    0x0018                  WREG12 = 0x18
                    0x0018                  _WREG12 = 0x18
                    0x001a                  WREG13 = 0x1a
                    0x001a                  _WREG13 = 0x1a
                    0x001c                  WREG14 = 0x1c
                    0x001c                  _WREG14 = 0x1c
                    0x001e                  WREG15 = 0x1e
                    0x001e                  _WREG15 = 0x1e
                    0x0020                  SPLIM = 0x20
                    0x0020                  _SPLIM = 0x20
                    0x002e                  PCL = 0x2e
                    0x002e                  _PCL = 0x2e
                    0x0030                  PCH = 0x30
                    0x0030                  _PCH = 0x30
                    0x0032                  TBLPAG = 0x32
                    0x0032                  _TBLPAG = 0x32
                    0x0034                  PSVPAG = 0x34
                    0x0034                  _PSVPAG = 0x34
                    0x0036                  RCOUNT = 0x36
                    0x0036                  _RCOUNT = 0x36
                    0x0042                  SR = 0x42
                    0x0042                  _SR = 0x42
                    0x0042                  _SRbits = 0x42
                    0x0044                  CORCON = 0x44
                    0x0044                  _CORCON = 0x44
                    0x0044                  _CORCONbits = 0x44
                    0x0052                  DISICNT = 0x52
                    0x0052                  _DISICNT = 0x52
                    0x0060                  CNEN1 = 0x60
                    0x0060                  _CNEN1 = 0x60
                    0x0060                  _CNEN1bits = 0x60
                    0x0062                  CNEN2 = 0x62
                    0x0062                  _CNEN2 = 0x62
                    0x0062                  _CNEN2bits = 0x62
                    0x0068                  CNPU1 = 0x68
                    0x0068                  _CNPU1 = 0x68
                    0x0068                  _CNPU1bits = 0x68
                    0x006a                  CNPU2 = 0x6a
                    0x006a                  _CNPU2 = 0x6a
                    0x006a                  _CNPU2bits = 0x6a
                    0x0080                  INTCON1 = 0x80
                    0x0080                  _INTCON1 = 0x80
                    0x0080                  _INTCON1bits = 0x80
                    0x0082                  INTCON2 = 0x82
                    0x0082                  _INTCON2 = 0x82
                    0x0082                  _INTCON2bits = 0x82
                    0x0084                  IFS0 = 0x84
                    0x0084                  _IFS0 = 0x84
                    0x0084                  _IFS0bits = 0x84
                    0x0086                  IFS1 = 0x86
                    0x0086                  _IFS1 = 0x86
                    0x0086                  _IFS1bits = 0x86
                    0x0088                  IFS2 = 0x88
                    0x0088                  _IFS2 = 0x88
                    0x0088                  _IFS2bits = 0x88
                    0x008a                  IFS3 = 0x8a
                    0x008a                  _IFS3 = 0x8a
                    0x008a                  _IFS3bits = 0x8a
                    0x008c                  IFS4 = 0x8c
                    0x008c                  _IFS4 = 0x8c
                    0x008c                  _IFS4bits = 0x8c
                    0x0094                  IEC0 = 0x94
                    0x0094                  _IEC0 = 0x94
                    0x0094                  _IEC0bits = 0x94
                    0x0096                  IEC1 = 0x96
                    0x0096                  _IEC1 = 0x96
                    0x0096                  _IEC1bits = 0x96
                    0x0098                  IEC2 = 0x98
                    0x0098                  _IEC2 = 0x98
                    0x0098                  _IEC2bits = 0x98
                    0x009a                  IEC3 = 0x9a
                    0x009a                  _IEC3 = 0x9a
                    0x009a                  _IEC3bits = 0x9a
                    0x009c                  IEC4 = 0x9c
                    0x009c                  _IEC4 = 0x9c
                    0x009c                  _IEC4bits = 0x9c
                    0x00a4                  IPC0 = 0xa4
                    0x00a4                  _IPC0 = 0xa4
                    0x00a4                  _IPC0bits = 0xa4
                    0x00a6                  IPC1 = 0xa6
                    0x00a6                  _IPC1 = 0xa6
                    0x00a6                  _IPC1bits = 0xa6
                    0x00a8                  IPC2 = 0xa8
                    0x00a8                  _IPC2 = 0xa8
                    0x00a8                  _IPC2bits = 0xa8
                    0x00aa                  IPC3 = 0xaa
                    0x00aa                  _IPC3 = 0xaa
                    0x00aa                  _IPC3bits = 0xaa
                    0x00ac                  IPC4 = 0xac
                    0x00ac                  _IPC4 = 0xac
                    0x00ac                  _IPC4bits = 0xac
                    0x00ae                  IPC5 = 0xae
                    0x00ae                  _IPC5 = 0xae
                    0x00ae                  _IPC5bits = 0xae
                    0x00b0                  IPC6 = 0xb0
                    0x00b0                  _IPC6 = 0xb0
                    0x00b0                  _IPC6bits = 0xb0
                    0x00b2                  IPC7 = 0xb2
                    0x00b2                  _IPC7 = 0xb2
                    0x00b2                  _IPC7bits = 0xb2
                    0x00b4                  IPC8 = 0xb4
                    0x00b4                  _IPC8 = 0xb4
                    0x00b4                  _IPC8bits = 0xb4
                    0x00b6                  IPC9 = 0xb6
                    0x00b6                  _IPC9 = 0xb6
                    0x00b6                  _IPC9bits = 0xb6
                    0x00b8                  IPC10 = 0xb8
                    0x00b8                  _IPC10 = 0xb8
                    0x00b8                  _IPC10bits = 0xb8
                    0x00ba                  IPC11 = 0xba
                    0x00ba                  _IPC11 = 0xba
                    0x00ba                  _IPC11bits = 0xba
                    0x00bc                  IPC12 = 0xbc
                    0x00bc                  _IPC12 = 0xbc
                    0x00bc                  _IPC12bits = 0xbc
                    0x00c2                  IPC15 = 0xc2
                    0x00c2                  _IPC15 = 0xc2
                    0x00c2                  _IPC15bits = 0xc2
                    0x00c4                  IPC16 = 0xc4
                    0x00c4                  _IPC16 = 0xc4
                    0x00c4                  _IPC16bits = 0xc4
                    0x00c8                  IPC18 = 0xc8
                    0x00c8                  _IPC18 = 0xc8
                    0x00c8                  _IPC18bits = 0xc8
                    0x0100                  TMR1 = 0x100
                    0x0100                  _TMR1 = 0x100
                    0x0102                  PR1 = 0x102
                    0x0102                  _PR1 = 0x102
                    0x0104                  T1CON = 0x104
                    0x0104                  _T1CON = 0x104
                    0x0104                  _T1CONbits = 0x104
                    0x0106                  TMR2 = 0x106
                    0x0106                  _TMR2 = 0x106
                    0x0108                  TMR3HLD = 0x108
                    0x0108                  _TMR3HLD = 0x108
                    0x010a                  TMR3 = 0x10a
                    0x010a                  _TMR3 = 0x10a
                    0x010c                  PR2 = 0x10c
                    0x010c                  _PR2 = 0x10c
                    0x010e                  PR3 = 0x10e
                    0x010e                  _PR3 = 0x10e
                    0x0110                  T2CON = 0x110
                    0x0110                  _T2CON = 0x110
                    0x0110                  _T2CONbits = 0x110
                    0x0112                  T3CON = 0x112
                    0x0112                  _T3CON = 0x112
                    0x0112                  _T3CONbits = 0x112
                    0x0114                  TMR4 = 0x114
                    0x0114                  _TMR4 = 0x114
                    0x0116                  TMR5HLD = 0x116
                    0x0116                  _TMR5HLD = 0x116
                    0x0118                  TMR5 = 0x118
                    0x0118                  _TMR5 = 0x118
                    0x011a                  PR4 = 0x11a
                    0x011a                  _PR4 = 0x11a
                    0x011c                  PR5 = 0x11c
                    0x011c                  _PR5 = 0x11c
                    0x011e                  T4CON = 0x11e
                    0x011e                  _T4CON = 0x11e
                    0x011e                  _T4CONbits = 0x11e
                    0x0120                  T5CON = 0x120
                    0x0120                  _T5CON = 0x120
                    0x0120                  _T5CONbits = 0x120
                    0x0140                  IC1BUF = 0x140
                    0x0140                  _IC1BUF = 0x140
                    0x0142                  IC1CON = 0x142
                    0x0142                  _IC1CON = 0x142
                    0x0142                  _IC1CONbits = 0x142
                    0x0144                  IC2BUF = 0x144
                    0x0144                  _IC2BUF = 0x144
                    0x0146                  IC2CON = 0x146
                    0x0146                  _IC2CON = 0x146
                    0x0146                  _IC2CONbits = 0x146
                    0x0148                  IC3BUF = 0x148
                    0x0148                  _IC3BUF = 0x148
                    0x014a                  IC3CON = 0x14a
                    0x014a                  _IC3CON = 0x14a
                    0x014a                  _IC3CONbits = 0x14a
                    0x014c                  IC4BUF = 0x14c
                    0x014c                  _IC4BUF = 0x14c
                    0x014e                  IC4CON = 0x14e
                    0x014e                  _IC4CON = 0x14e
                    0x014e                  _IC4CONbits = 0x14e
                    0x0150                  IC5BUF = 0x150
                    0x0150                  _IC5BUF = 0x150
                    0x0152                  IC5CON = 0x152
                    0x0152                  _IC5CON = 0x152
                    0x0152                  _IC5CONbits = 0x152
                    0x0180                  OC1RS = 0x180
                    0x0180                  _OC1RS = 0x180
                    0x0182                  OC1R = 0x182
                    0x0182                  _OC1R = 0x182
                    0x0184                  OC1CON = 0x184
                    0x0184                  _OC1CON = 0x184
                    0x0184                  _OC1CONbits = 0x184
                    0x0186                  OC2RS = 0x186
                    0x0186                  _OC2RS = 0x186
                    0x0188                  OC2R = 0x188
                    0x0188                  _OC2R = 0x188
                    0x018a                  OC2CON = 0x18a
                    0x018a                  _OC2CON = 0x18a
                    0x018a                  _OC2CONbits = 0x18a
                    0x018c                  OC3RS = 0x18c
                    0x018c                  _OC3RS = 0x18c
                    0x018e                  OC3R = 0x18e
                    0x018e                  _OC3R = 0x18e
                    0x0190                  OC3CON = 0x190
                    0x0190                  _OC3CON = 0x190
                    0x0190                  _OC3CONbits = 0x190
                    0x0192                  OC4RS = 0x192
                    0x0192                  _OC4RS = 0x192
                    0x0194                  OC4R = 0x194
                    0x0194                  _OC4R = 0x194
                    0x0196                  OC4CON = 0x196
                    0x0196                  _OC4CON = 0x196
                    0x0196                  _OC4CONbits = 0x196
                    0x0198                  OC5RS = 0x198
                    0x0198                  _OC5RS = 0x198
                    0x019a                  OC5R = 0x19a
                    0x019a                  _OC5R = 0x19a
                    0x019c                  OC5CON = 0x19c
                    0x019c                  _OC5CON = 0x19c
                    0x019c                  _OC5CONbits = 0x19c
                    0x0200                  I2C1RCV = 0x200
                    0x0200                  _I2C1RCV = 0x200
                    0x0202                  I2C1TRN = 0x202
                    0x0202                  _I2C1TRN = 0x202
                    0x0204                  I2C1BRG = 0x204
                    0x0204                  _I2C1BRG = 0x204
                    0x0206                  I2C1CON = 0x206
                    0x0206                  _I2C1CON = 0x206
                    0x0206                  _I2C1CONbits = 0x206
                    0x0208                  I2C1STAT = 0x208
                    0x0208                  _I2C1STAT = 0x208
                    0x0208                  _I2C1STATbits = 0x208
                    0x020a                  I2C1ADD = 0x20a
                    0x020a                  _I2C1ADD = 0x20a
                    0x020c                  I2C1MSK = 0x20c
                    0x020c                  _I2C1MSK = 0x20c
                    0x0210                  I2C2RCV = 0x210
                    0x0210                  _I2C2RCV = 0x210
                    0x0212                  I2C2TRN = 0x212
                    0x0212                  _I2C2TRN = 0x212
                    0x0214                  I2C2BRG = 0x214
                    0x0214                  _I2C2BRG = 0x214
                    0x0216                  I2C2CON = 0x216
                    0x0216                  _I2C2CON = 0x216
                    0x0216                  _I2C2CONbits = 0x216
                    0x0218                  I2C2STAT = 0x218
                    0x0218                  _I2C2STAT = 0x218
                    0x0218                  _I2C2STATbits = 0x218
                    0x021a                  I2C2ADD = 0x21a
                    0x021a                  _I2C2ADD = 0x21a
                    0x021c                  I2C2MSK = 0x21c
                    0x021c                  _I2C2MSK = 0x21c
                    0x0220                  U1MODE = 0x220
                    0x0220                  _U1MODE = 0x220
                    0x0220                  _U1MODEbits = 0x220
                    0x0222                  U1STA = 0x222
                    0x0222                  _U1STA = 0x222
                    0x0222                  _U1STAbits = 0x222
                    0x0224                  U1TXREG = 0x224
                    0x0224                  _U1TXREG = 0x224
                    0x0226                  U1RXREG = 0x226
                    0x0226                  _U1RXREG = 0x226
                    0x0228                  U1BRG = 0x228
                    0x0228                  _U1BRG = 0x228
                    0x0230                  U2MODE = 0x230
                    0x0230                  _U2MODE = 0x230
                    0x0230                  _U2MODEbits = 0x230
                    0x0232                  U2STA = 0x232
                    0x0232                  _U2STA = 0x232
                    0x0232                  _U2STAbits = 0x232
                    0x0234                  U2TXREG = 0x234
                    0x0234                  _U2TXREG = 0x234
                    0x0236                  U2RXREG = 0x236
                    0x0236                  _U2RXREG = 0x236
                    0x0238                  U2BRG = 0x238
                    0x0238                  _U2BRG = 0x238
                    0x0240                  SPI1STAT = 0x240
                    0x0240                  _SPI1STAT = 0x240
                    0x0240                  _SPI1STATbits = 0x240
                    0x0242                  SPI1CON1 = 0x242
                    0x0242                  _SPI1CON1 = 0x242
                    0x0242                  _SPI1CON1bits = 0x242
                    0x0244                  SPI1CON2 = 0x244
                    0x0244                  _SPI1CON2 = 0x244
                    0x0244                  _SPI1CON2bits = 0x244
                    0x0248                  SPI1BUF = 0x248
                    0x0248                  _SPI1BUF = 0x248
                    0x0260                  SPI2STAT = 0x260
                    0x0260                  _SPI2STAT = 0x260
                    0x0260                  _SPI2STATbits = 0x260
                    0x0262                  SPI2CON1 = 0x262
                    0x0262                  _SPI2CON1 = 0x262
                    0x0262                  _SPI2CON1bits = 0x262
                    0x0264                  SPI2CON2 = 0x264
                    0x0264                  _SPI2CON2 = 0x264
                    0x0264                  _SPI2CON2bits = 0x264
                    0x0268                  SPI2BUF = 0x268
                    0x0268                  _SPI2BUF = 0x268
                    0x02c0                  TRISA = 0x2c0
                    0x02c0                  _TRISA = 0x2c0
                    0x02c0                  _TRISAbits = 0x2c0
                    0x02c2                  PORTA = 0x2c2
                    0x02c2                  _PORTA = 0x2c2
                    0x02c2                  _PORTAbits = 0x2c2
                    0x02c4                  LATA = 0x2c4
                    0x02c4                  _LATA = 0x2c4
                    0x02c4                  _LATAbits = 0x2c4
                    0x02c6                  ODCA = 0x2c6
                    0x02c6                  _ODCA = 0x2c6
                    0x02c6                  _ODCAbits = 0x2c6
                    0x02c8                  TRISB = 0x2c8
                    0x02c8                  _TRISB = 0x2c8
                    0x02c8                  _TRISBbits = 0x2c8
                    0x02ca                  PORTB = 0x2ca
                    0x02ca                  _PORTB = 0x2ca
                    0x02ca                  _PORTBbits = 0x2ca
                    0x02cc                  LATB = 0x2cc
                    0x02cc                  _LATB = 0x2cc
                    0x02cc                  _LATBbits = 0x2cc
                    0x02ce                  ODCB = 0x2ce
                    0x02ce                  _ODCB = 0x2ce
                    0x02ce                  _ODCBbits = 0x2ce
                    0x02d0                  TRISC = 0x2d0
                    0x02d0                  _TRISC = 0x2d0
                    0x02d0                  _TRISCbits = 0x2d0
                    0x02d2                  PORTC = 0x2d2
                    0x02d2                  _PORTC = 0x2d2
                    0x02d2                  _PORTCbits = 0x2d2
                    0x02d4                  LATC = 0x2d4
                    0x02d4                  _LATC = 0x2d4
                    0x02d4                  _LATCbits = 0x2d4
                    0x02d6                  ODCC = 0x2d6
                    0x02d6                  _ODCC = 0x2d6
                    0x02d6                  _ODCCbits = 0x2d6
                    0x02fc                  PADCFG1 = 0x2fc
                    0x02fc                  _PADCFG1 = 0x2fc
                    0x02fc                  _PADCFG1bits = 0x2fc
                    0x0300                  ADC1BUF0 = 0x300
                    0x0300                  _ADC1BUF0 = 0x300
                    0x0302                  ADC1BUF1 = 0x302
                    0x0302                  _ADC1BUF1 = 0x302
                    0x0304                  ADC1BUF2 = 0x304
                    0x0304                  _ADC1BUF2 = 0x304
                    0x0306                  ADC1BUF3 = 0x306
                    0x0306                  _ADC1BUF3 = 0x306
                    0x0308                  ADC1BUF4 = 0x308
                    0x0308                  _ADC1BUF4 = 0x308
                    0x030a                  ADC1BUF5 = 0x30a
                    0x030a                  _ADC1BUF5 = 0x30a
                    0x030c                  ADC1BUF6 = 0x30c
                    0x030c                  _ADC1BUF6 = 0x30c
                    0x030e                  ADC1BUF7 = 0x30e
                    0x030e                  _ADC1BUF7 = 0x30e
                    0x0310                  ADC1BUF8 = 0x310
                    0x0310                  _ADC1BUF8 = 0x310
                    0x0312                  ADC1BUF9 = 0x312
                    0x0312                  _ADC1BUF9 = 0x312
                    0x0314                  ADC1BUFA = 0x314
                    0x0314                  _ADC1BUFA = 0x314
                    0x0316                  ADC1BUFB = 0x316
                    0x0316                  _ADC1BUFB = 0x316
                    0x0318                  ADC1BUFC = 0x318
                    0x0318                  _ADC1BUFC = 0x318
                    0x031a                  ADC1BUFD = 0x31a
                    0x031a                  _ADC1BUFD = 0x31a
                    0x031c                  ADC1BUFE = 0x31c
                    0x031c                  _ADC1BUFE = 0x31c
                    0x031e                  ADC1BUFF = 0x31e
                    0x031e                  _ADC1BUFF = 0x31e
                    0x0320                  AD1CON1 = 0x320
                    0x0320                  _AD1CON1 = 0x320
                    0x0320                  _AD1CON1bits = 0x320
                    0x0322                  AD1CON2 = 0x322
                    0x0322                  _AD1CON2 = 0x322
                    0x0322                  _AD1CON2bits = 0x322
                    0x0324                  AD1CON3 = 0x324
                    0x0324                  _AD1CON3 = 0x324
                    0x0324                  _AD1CON3bits = 0x324
                    0x0328                  AD1CHS = 0x328
                    0x0328                  _AD1CHS = 0x328
                    0x0328                  _AD1CHSbits = 0x328
                    0x032c                  AD1PCFG = 0x32c
                    0x032c                  _AD1PCFG = 0x32c
                    0x032c                  _AD1PCFGbits = 0x32c
                    0x0330                  AD1CSSL = 0x330
                    0x0330                  _AD1CSSL = 0x330
                    0x0330                  _AD1CSSLbits = 0x330
                    0x0600                  PMCON = 0x600
                    0x0600                  _PMCON = 0x600
                    0x0600                  _PMCONbits = 0x600
                    0x0602                  PMMODE = 0x602
                    0x0602                  _PMMODE = 0x602
                    0x0602                  _PMMODEbits = 0x602
                    0x0604                  PMADDR = 0x604
                    0x0604                  _PMADDR = 0x604
                    0x0604                  _PMADDRbits = 0x604
                    0x0604                  PMDOUT1 = 0x604
                    0x0604                  _PMDOUT1 = 0x604
                    0x0604                  _PMDOUT1bits = 0x604
                    0x0606                  PMDOUT2 = 0x606
                    0x0606                  _PMDOUT2 = 0x606
                    0x0608                  PMDIN1 = 0x608
                    0x0608                  _PMDIN1 = 0x608
                    0x060a                  PMDIN2 = 0x60a
                    0x060a                  _PMDIN2 = 0x60a
                    0x060c                  PMAEN = 0x60c
                    0x060c                  _PMAEN = 0x60c
                    0x060c                  _PMAENbits = 0x60c
                    0x060e                  PMSTAT = 0x60e
                    0x060e                  _PMSTAT = 0x60e
                    0x060e                  _PMSTATbits = 0x60e
                    0x0620                  ALRMVAL = 0x620
                    0x0620                  _ALRMVAL = 0x620
                    0x0622                  ALCFGRPT = 0x622
                    0x0622                  _ALCFGRPT = 0x622
                    0x0622                  _ALCFGRPTbits = 0x622
                    0x0624                  RTCVAL = 0x624
                    0x0624                  _RTCVAL = 0x624
                    0x0626                  RCFGCAL = 0x626
                    0x0626                  _RCFGCAL = 0x626
                    0x0626                  _RCFGCALbits = 0x626
                    0x0630                  CMCON = 0x630
                    0x0630                  _CMCON = 0x630
                    0x0630                  _CMCONbits = 0x630
                    0x0632                  CVRCON = 0x632
                    0x0632                  _CVRCON = 0x632
                    0x0632                  _CVRCONbits = 0x632
                    0x0640                  CRCCON = 0x640
                    0x0640                  _CRCCON = 0x640
                    0x0640                  _CRCCONbits = 0x640
                    0x0642                  CRCXOR = 0x642
                    0x0642                  _CRCXOR = 0x642
                    0x0642                  _CRCXORbits = 0x642
                    0x0644                  CRCDAT = 0x644
                    0x0644                  _CRCDAT = 0x644
                    0x0646                  CRCWDAT = 0x646
                    0x0646                  _CRCWDAT = 0x646
                    0x0680                  RPINR0 = 0x680
                    0x0680                  _RPINR0 = 0x680
                    0x0680                  _RPINR0bits = 0x680
                    0x0682                  RPINR1 = 0x682
                    0x0682                  _RPINR1 = 0x682
                    0x0682                  _RPINR1bits = 0x682
                    0x0686                  RPINR3 = 0x686
                    0x0686                  _RPINR3 = 0x686
                    0x0686                  _RPINR3bits = 0x686
                    0x0688                  RPINR4 = 0x688
                    0x0688                  _RPINR4 = 0x688
                    0x0688                  _RPINR4bits = 0x688
                    0x068e                  RPINR7 = 0x68e
                    0x068e                  _RPINR7 = 0x68e
                    0x068e                  _RPINR7bits = 0x68e
                    0x0690                  RPINR8 = 0x690
                    0x0690                  _RPINR8 = 0x690
                    0x0690                  _RPINR8bits = 0x690
                    0x0692                  RPINR9 = 0x692
                    0x0692                  _RPINR9 = 0x692
                    0x0692                  _RPINR9bits = 0x692
                    0x0696                  RPINR11 = 0x696
                    0x0696                  _RPINR11 = 0x696
                    0x0696                  _RPINR11bits = 0x696
                    0x06a4                  RPINR18 = 0x6a4
                    0x06a4                  _RPINR18 = 0x6a4
                    0x06a4                  _RPINR18bits = 0x6a4
                    0x06a6                  RPINR19 = 0x6a6
                    0x06a6                  _RPINR19 = 0x6a6
                    0x06a6                  _RPINR19bits = 0x6a6
                    0x06a8                  RPINR20 = 0x6a8
                    0x06a8                  _RPINR20 = 0x6a8
                    0x06a8                  _RPINR20bits = 0x6a8
                    0x06aa                  RPINR21 = 0x6aa
                    0x06aa                  _RPINR21 = 0x6aa
                    0x06aa                  _RPINR21bits = 0x6aa
                    0x06ac                  RPINR22 = 0x6ac
                    0x06ac                  _RPINR22 = 0x6ac
                    0x06ac                  _RPINR22bits = 0x6ac
                    0x06ae                  RPINR23 = 0x6ae
                    0x06ae                  _RPINR23 = 0x6ae
                    0x06ae                  _RPINR23bits = 0x6ae
                    0x06c0                  RPOR0 = 0x6c0
                    0x06c0                  _RPOR0 = 0x6c0
                    0x06c0                  _RPOR0bits = 0x6c0
                    0x06c2                  RPOR1 = 0x6c2
                    0x06c2                  _RPOR1 = 0x6c2
                    0x06c2                  _RPOR1bits = 0x6c2
                    0x06c4                  RPOR2 = 0x6c4
                    0x06c4                  _RPOR2 = 0x6c4
                    0x06c4                  _RPOR2bits = 0x6c4
                    0x06c6                  RPOR3 = 0x6c6
                    0x06c6                  _RPOR3 = 0x6c6
                    0x06c6                  _RPOR3bits = 0x6c6
                    0x06c8                  RPOR4 = 0x6c8
                    0x06c8                  _RPOR4 = 0x6c8
                    0x06c8                  _RPOR4bits = 0x6c8
                    0x06ca                  RPOR5 = 0x6ca
                    0x06ca                  _RPOR5 = 0x6ca
                    0x06ca                  _RPOR5bits = 0x6ca
                    0x06cc                  RPOR6 = 0x6cc
                    0x06cc                  _RPOR6 = 0x6cc
                    0x06cc                  _RPOR6bits = 0x6cc
                    0x06ce                  RPOR7 = 0x6ce
                    0x06ce                  _RPOR7 = 0x6ce
                    0x06ce                  _RPOR7bits = 0x6ce
                    0x06d0                  RPOR8 = 0x6d0
                    0x06d0                  _RPOR8 = 0x6d0
                    0x06d0                  _RPOR8bits = 0x6d0
                    0x06d2                  RPOR9 = 0x6d2
                    0x06d2                  _RPOR9 = 0x6d2
                    0x06d2                  _RPOR9bits = 0x6d2
                    0x06d4                  RPOR10 = 0x6d4
                    0x06d4                  _RPOR10 = 0x6d4
                    0x06d4                  _RPOR10bits = 0x6d4
                    0x06d6                  RPOR11 = 0x6d6
                    0x06d6                  _RPOR11 = 0x6d6
                    0x06d6                  _RPOR11bits = 0x6d6
                    0x06d8                  RPOR12 = 0x6d8
                    0x06d8                  _RPOR12 = 0x6d8
                    0x06d8                  _RPOR12bits = 0x6d8
                    0x0740                  RCON = 0x740
                    0x0740                  _RCON = 0x740
                    0x0740                  _RCONbits = 0x740
                    0x0742                  OSCCON = 0x742
                    0x0742                  _OSCCON = 0x742
                    0x0742                  _OSCCONbits = 0x742
                    0x0742                  OSCCONL = 0x742
                    0x0742                  _OSCCONL = 0x742
                    0x0743                  OSCCONH = 0x743
                    0x0743                  _OSCCONH = 0x743
                    0x0744                  CLKDIV = 0x744
                    0x0744                  _CLKDIV = 0x744
                    0x0744                  _CLKDIVbits = 0x744
                    0x0748                  OSCTUN = 0x748
                    0x0748                  _OSCTUN = 0x748
                    0x0748                  _OSCTUNbits = 0x748
                    0x0760                  NVMCON = 0x760
                    0x0760                  _NVMCON = 0x760
                    0x0760                  _NVMCONbits = 0x760
                    0x0766                  NVMKEY = 0x766
                    0x0766                  _NVMKEY = 0x766
                    0x0770                  PMD1 = 0x770
                    0x0770                  _PMD1 = 0x770
                    0x0770                  _PMD1bits = 0x770
                    0x0772                  PMD2 = 0x772
                    0x0772                  _PMD2 = 0x772
                    0x0772                  _PMD2bits = 0x772
                    0x0774                  PMD3 = 0x774
                    0x0774                  _PMD3 = 0x774
                    0x0774                  _PMD3bits = 0x774
                    0x0140                  IC1 = 0x140
                    0x0140                  _IC1 = 0x140
                    0x0144                  IC2 = 0x144
                    0x0144                  _IC2 = 0x144
                    0x0148                  IC3 = 0x148
                    0x0148                  _IC3 = 0x148
                    0x014c                  IC4 = 0x14c
                    0x014c                  _IC4 = 0x14c
                    0x0150                  IC5 = 0x150
                    0x0150                  _IC5 = 0x150
                    0x0180                  OC1 = 0x180
                    0x0180                  _OC1 = 0x180
                    0x0186                  OC2 = 0x186
                    0x0186                  _OC2 = 0x186
                    0x018c                  OC3 = 0x18c
                    0x018c                  _OC3 = 0x18c
                    0x0192                  OC4 = 0x192
                    0x0192                  _OC4 = 0x192
                    0x0198                  OC5 = 0x198
                    0x0198                  _OC5 = 0x198
                    0x0240                  SPI1 = 0x240
                    0x0240                  _SPI1 = 0x240
                    0x0260                  SPI2 = 0x260
                    0x0260                  _SPI2 = 0x260
                    0x0220                  UART1 = 0x220
                    0x0220                  _UART1 = 0x220
                    0x0230                  UART2 = 0x230
                    0x0230                  _UART2 = 0x230
START GROUP
LOAD c:/program files (x86)/microchip/xc16/v1.30/bin/bin/../../lib\liblega-pic30-elf.a
LOAD c:/program files (x86)/microchip/xc16/v1.30/bin/bin/../../lib\libm-elf.a
LOAD c:/program files (x86)/microchip/xc16/v1.30/bin/bin/../../lib\liblega-c-elf.a
END GROUP
OUTPUT(dist/default/production/Stimgrasp.X.production.elf elf32-pic30)
LOAD jump_table
LOAD default_isr
LOAD data_init

.debug_pubtypes
                  0x000120        0xd25
 .debug_pubtypes
                  0x000120         0x7b build/default/production/Libs/adc.o
 .debug_pubtypes
                  0x00019b         0x77 build/default/production/Libs/i2c1.o
 .debug_pubtypes
                  0x000212         0x5a build/default/production/Libs/i2c2.o
 .debug_pubtypes
                  0x00026c        0x12b build/default/production/Libs/ic.o
 .debug_pubtypes
                  0x000397         0xf5 build/default/production/Libs/pwm.o
 .debug_pubtypes
                  0x00048c         0xd8 build/default/production/Libs/spi1.o
 .debug_pubtypes
                  0x000564         0xd8 build/default/production/Libs/spi2.o
 .debug_pubtypes
                  0x00063c        0x454 build/default/production/Libs/system.o
 .debug_pubtypes
                  0x000a90        0x121 build/default/production/Libs/timers.o
 .debug_pubtypes
                  0x000bb1         0x8c build/default/production/Libs/uart1.o
 .debug_pubtypes
                  0x000c3d         0x6f build/default/production/Libs/uart2.o
 .debug_pubtypes
                  0x000cac        0x199 build/default/production/main.o

__c30_signature
                  0x000e45        0x1bc
 __c30_signature
                  0x000e45          0x6 build/default/production/Libs/adc.o
 __c30_signature
                  0x000e4b          0x6 build/default/production/Libs/i2c1.o
 __c30_signature
                  0x000e51          0x6 build/default/production/Libs/i2c2.o
 __c30_signature
                  0x000e57          0x6 build/default/production/Libs/ic.o
 __c30_signature
                  0x000e5d          0x6 build/default/production/Libs/pwm.o
 __c30_signature
                  0x000e63          0x6 build/default/production/Libs/spi1.o
 __c30_signature
                  0x000e69          0x6 build/default/production/Libs/spi2.o
 __c30_signature
                  0x000e6f          0x6 build/default/production/Libs/system.o
 __c30_signature
                  0x000e75          0x6 build/default/production/Libs/timers.o
 __c30_signature
                  0x000e7b          0x6 build/default/production/Libs/uart1.o
 __c30_signature
                  0x000e81          0x6 build/default/production/Libs/uart2.o
 __c30_signature
                  0x000e87          0x6 build/default/production/main.o
 __c30_signature
                  0x000e8d          0x6 c:/program files (x86)/microchip/xc16/v1.30/bin/bin/../../lib\liblega-pic30-elf.a(crt0_standard.o)
 __c30_signature
                  0x000e93          0x6 c:/program files (x86)/microchip/xc16/v1.30/bin/bin/../../lib\liblega-pic30-elf.a(data_init_standard.o)
 __c30_signature
                  0x000e99          0x6 c:/program files (x86)/microchip/xc16/v1.30/bin/bin/../../lib\liblega-pic30-elf.a(delay32.Leo)
 __c30_signature
                  0x000e9f          0x6 c:/program files (x86)/microchip/xc16/v1.30/bin/bin/../../lib\libm-elf.a(addsf3.eo)
 __c30_signature
                  0x000ea5          0x6 c:/program files (x86)/microchip/xc16/v1.30/bin/bin/../../lib\libm-elf.a(divsf3.eo)
 __c30_signature
                  0x000eab          0x6 c:/program files (x86)/microchip/xc16/v1.30/bin/bin/../../lib\libm-elf.a(feqltle.eo)
 __c30_signature
                  0x000eb1          0x6 c:/program files (x86)/microchip/xc16/v1.30/bin/bin/../../lib\libm-elf.a(fgtge.eo)
 __c30_signature
                  0x000eb7          0x6 c:/program files (x86)/microchip/xc16/v1.30/bin/bin/../../lib\libm-elf.a(fixsfsi.eo)
 __c30_signature
                  0x000ebd          0x6 c:/program files (x86)/microchip/xc16/v1.30/bin/bin/../../lib\libm-elf.a(fixunssfsi.eo)
 __c30_signature
                  0x000ec3          0x6 c:/program files (x86)/microchip/xc16/v1.30/bin/bin/../../lib\libm-elf.a(floatsisf.eo)
 __c30_signature
                  0x000ec9          0x6 c:/program files (x86)/microchip/xc16/v1.30/bin/bin/../../lib\libm-elf.a(fpack.eo)
 __c30_signature
                  0x000ecf          0x6 c:/program files (x86)/microchip/xc16/v1.30/bin/bin/../../lib\libm-elf.a(funpack.eo)
 __c30_signature
                  0x000ed5          0x6 c:/program files (x86)/microchip/xc16/v1.30/bin/bin/../../lib\libm-elf.a(funpack2.eo)
 __c30_signature
                  0x000edb          0x6 c:/program files (x86)/microchip/xc16/v1.30/bin/bin/../../lib\libm-elf.a(futil.eo)
 __c30_signature
                  0x000ee1          0x6 c:/program files (x86)/microchip/xc16/v1.30/bin/bin/../../lib\libm-elf.a(mulsf3.eo)
 __c30_signature
                  0x000ee7          0x6 c:/program files (x86)/microchip/xc16/v1.30/bin/bin/../../lib\libm-elf.a(powf.eo)
 __c30_signature
                  0x000eed          0x6 c:/program files (x86)/microchip/xc16/v1.30/bin/bin/../../lib\libm-elf.a(divmoddi3.eo)
 __c30_signature
                  0x000ef3          0x6 c:/program files (x86)/microchip/xc16/v1.30/bin/bin/../../lib\libm-elf.a(muldi3.eo)
 __c30_signature
                  0x000ef9          0x6 c:/program files (x86)/microchip/xc16/v1.30/bin/bin/../../lib\libm-elf.a(_frexpf.eo)
 __c30_signature
                  0x000eff          0x6 c:/program files (x86)/microchip/xc16/v1.30/bin/bin/../../lib\libm-elf.a(errno.eo)
 __c30_signature
                  0x000f05          0x6 c:/program files (x86)/microchip/xc16/v1.30/bin/bin/../../lib\libm-elf.a(expf.eo)
 __c30_signature
                  0x000f0b          0x6 c:/program files (x86)/microchip/xc16/v1.30/bin/bin/../../lib\libm-elf.a(fchop.eo)
 __c30_signature
                  0x000f11          0x6 c:/program files (x86)/microchip/xc16/v1.30/bin/bin/../../lib\libm-elf.a(fcompare.eo)
 __c30_signature
                  0x000f17          0x6 c:/program files (x86)/microchip/xc16/v1.30/bin/bin/../../lib\libm-elf.a(floatdisf.eo)
 __c30_signature
                  0x000f1d          0x6 c:/program files (x86)/microchip/xc16/v1.30/bin/bin/../../lib\libm-elf.a(floatundisf.eo)
 __c30_signature
                  0x000f23          0x6 c:/program files (x86)/microchip/xc16/v1.30/bin/bin/../../lib\libm-elf.a(ldexpf.eo)
 __c30_signature
                  0x000f29          0x6 c:/program files (x86)/microchip/xc16/v1.30/bin/bin/../../lib\libm-elf.a(logf.eo)
 __c30_signature
                  0x000f2f          0x6 c:/program files (x86)/microchip/xc16/v1.30/bin/bin/../../lib\libm-elf.a(umuldi3.eo)
 __c30_signature
                  0x000f35          0x6 c:/program files (x86)/microchip/xc16/v1.30/bin/bin/../../lib\liblega-c-elf.a(strcmp.XX_eo)
 __c30_signature
                  0x000f3b          0x6 c:/program files (x86)/microchip/xc16/v1.30/bin/bin/../../lib\liblega-c-elf.a(strcpy.XX_eo)
 __c30_signature
                  0x000f41          0x6 c:/program files (x86)/microchip/xc16/v1.30/bin/bin/../../lib\liblega-c-elf.a(strlen.XX_eo)
 __c30_signature
                  0x000f47          0x6 c:/program files (x86)/microchip/xc16/v1.30/bin/bin/../../lib\liblega-c-elf.a(strncmp.XX_eo)
 __c30_signature
                  0x000f4d          0x6 c:/program files (x86)/microchip/xc16/v1.30/bin/bin/../../lib\liblega-c-elf.a(strncpy.XX_eo)
 __c30_signature
                  0x000f53          0x6 c:/program files (x86)/microchip/xc16/v1.30/bin/bin/../../lib\liblega-c-elf.a(printf_cdnopuxX.XXeo)
 __c30_signature
                  0x000f59          0x6 c:/program files (x86)/microchip/xc16/v1.30/bin/bin/../../lib\liblega-c-elf.a(sprintf_cdnopuxX.XXeo)
 __c30_signature
                  0x000f5f          0x6 c:/program files (x86)/microchip/xc16/v1.30/bin/bin/../../lib\liblega-c-elf.a(xprintf_cdnopuxX.XXeo)
 __c30_signature
                  0x000f65          0x6 c:/program files (x86)/microchip/xc16/v1.30/bin/bin/../../lib\liblega-c-elf.a(xputfld_cdnopuxX.XXeo)
 __c30_signature
                  0x000f6b          0x6 c:/program files (x86)/microchip/xc16/v1.30/bin/bin/../../lib\liblega-c-elf.a(fwrite.XX_eo)
 __c30_signature
                  0x000f71          0x6 c:/program files (x86)/microchip/xc16/v1.30/bin/bin/../../lib\liblega-c-elf.a(memchr.XX_eo)
 __c30_signature
                  0x000f77          0x6 c:/program files (x86)/microchip/xc16/v1.30/bin/bin/../../lib\liblega-c-elf.a(memcpy.XX_eo)
 __c30_signature
                  0x000f7d          0x6 c:/program files (x86)/microchip/xc16/v1.30/bin/bin/../../lib\liblega-c-elf.a(strchr.XX_eo)
 __c30_signature
                  0x000f83          0x6 c:/program files (x86)/microchip/xc16/v1.30/bin/bin/../../lib\liblega-c-elf.a(xfiles.XX_eo)
 __c30_signature
                  0x000f89          0x6 c:/program files (x86)/microchip/xc16/v1.30/bin/bin/../../lib\liblega-c-elf.a(xfwprep.XX_eo)
 __c30_signature
                  0x000f8f          0x6 c:/program files (x86)/microchip/xc16/v1.30/bin/bin/../../lib\liblega-c-elf.a(xlitob.XX_eo)
 __c30_signature
                  0x000f95          0x6 c:/program files (x86)/microchip/xc16/v1.30/bin/bin/../../lib\liblega-c-elf.a(xputtxt.XX_eo)
 __c30_signature
                  0x000f9b          0x6 c:/program files (x86)/microchip/xc16/v1.30/bin/bin/../../lib\liblega-c-elf.a(xvacopy.XX_eo)
 __c30_signature
                  0x000fa1          0x6 c:/program files (x86)/microchip/xc16/v1.30/bin/bin/../../lib\liblega-c-elf.a(fclose.XX_elo)
 __c30_signature
                  0x000fa7          0x6 c:/program files (x86)/microchip/xc16/v1.30/bin/bin/../../lib\liblega-c-elf.a(fflush.XX_elo)
 __c30_signature
                  0x000fad          0x6 c:/program files (x86)/microchip/xc16/v1.30/bin/bin/../../lib\liblega-c-elf.a(xatexit.XX_elo)
 __c30_signature
                  0x000fb3          0x6 c:/program files (x86)/microchip/xc16/v1.30/bin/bin/../../lib\liblega-c-elf.a(free.XX_eo)
 __c30_signature
                  0x000fb9          0x6 c:/program files (x86)/microchip/xc16/v1.30/bin/bin/../../lib\liblega-c-elf.a(malloc.XX_eo)
 __c30_signature
                  0x000fbf          0x6 c:/program files (x86)/microchip/xc16/v1.30/bin/bin/../../lib\liblega-c-elf.a(xgetmem.XX_eo)
 __c30_signature
                  0x000fc5          0x6 c:/program files (x86)/microchip/xc16/v1.30/bin/bin/../../lib\liblega-pic30-elf.a(close.Leo)
 __c30_signature
                  0x000fcb          0x6 c:/program files (x86)/microchip/xc16/v1.30/bin/bin/../../lib\liblega-pic30-elf.a(write.Leo)
 __c30_signature
                  0x000fd1          0x6 c:/program files (x86)/microchip/xc16/v1.30/bin/bin/../../lib\liblega-pic30-elf.a(remove.Leo)
 __c30_signature
                  0x000fd7          0x6 c:/program files (x86)/microchip/xc16/v1.30/bin/bin/../../lib\liblega-pic30-elf.a(sbrk.Leo)
 __c30_signature
                  0x000fdd          0x6 c:/program files (x86)/microchip/xc16/v1.30/bin/bin/../../lib\liblega-pic30-elf.a(c30_uart.Leo)
 __c30_signature
                  0x000fe3          0x6 c:/program files (x86)/microchip/xc16/v1.30/bin/bin/../../lib\liblega-pic30-elf.a(brk.Lelo)
 __c30_signature
                  0x000fe9          0x6 c:/program files (x86)/microchip/xc16/v1.30/bin/bin/../../lib\libm-elf.a(divsi3.eo)
 __c30_signature
                  0x000fef          0x6 c:/program files (x86)/microchip/xc16/v1.30/bin/bin/../../lib\libm-elf.a(udivsi3.eo)
 __c30_signature
                  0x000ff5          0x6 c:/program files (x86)/microchip/xc16/v1.30/bin/bin/../../lib\libm-elf.a(umodsi3.eo)
 __c30_signature
                  0x000ffb          0x6 c:/program files (x86)/microchip/xc16/v1.30/bin/bin/../../lib\libm-elf.a(mulsi3.eo)

.nbss               0x0800         0x4c
 .nbss              0x0800         0x28 build/default/production/main.o
                    0x0800                  _State
                    0x0802                  _SelectState
                    0x0804                  _counter
                    0x0806                  _OutputState
                    0x0807                  _PowerON
                    0x0808                  _UpAmp
                    0x080a                  _valueADC
                    0x080c                  _RX_data
                    0x080e                  _RX_index
                    0x0810                  _flag_string
                    0x0812                  _RX3_index
                    0x0814                  _contador
                    0x0816                  _counter_T1
                    0x0818                  _FLAG_STRING_AMP
                    0x0819                  _FLAG_STRING_RECEBIDA
                    0x081a                  _FLAG_MEDIA_VBAT
                    0x081b                  _FLAG_HABILITA_VBAT
                    0x081c                  _FLAG_ATUALIZA_CANAIS
                    0x081e                  _FLAG_RAMPA
                    0x081f                  _FLAG_PALMAR_AUTOMATICO
                    0x0820                  _FLAG_EXTENSAO_AUTOMATICO
                    0x0821                  _FLAG_DESLIGAMENTO_AUTOMATICO
                    0x0822                  _FATOR_CONTAGEM_GERAL
                    0x0824                  _counter_ch1
                    0x0826                  _CONTAGEM_MEDIA_VBAT
 .nbss              0x0828         0x14 build/default/production/Libs/timers.o
                    0x0828                  _timer1
                    0x082c                  _timer2
                    0x0830                  _timer3
                    0x0834                  _timer4
                    0x0838                  _timer5
 .nbss              0x083c         0x10 build/default/production/Libs/ic.o
                    0x083c                  _mode1
                    0x083e                  _mode2
                    0x0840                  _mode3
                    0x0842                  _mode4
                    0x0844                  _mode5
                    0x0846                  _flag_IC1
                    0x0847                  _flag_IC2
                    0x0848                  _flag_IC3
                    0x0849                  _flag_IC4
                    0x084a                  _flag_IC5

.ndata              0x084c          0x8
 .ndata             0x084c          0x8 build/default/production/main.o
                    0x084c                  _SelectStatus
                    0x084e                  _lastState
                    0x0850                  _PRESET_LOW_TEMP
                    0x0852                  _PRESET_HIGH_TEMP

.nbss               0x0854          0xc
 .nbss              0x0854          0x6 build/default/production/Libs/pwm.o
                    0x0854                  _PRx_value
                    0x0858                  _Timer_Select_Global
 .nbss              0x085a          0x2 build/default/production/Libs/uart1.o
                    0x085a                  _RX1_index
 .nbss              0x085c          0x2 build/default/production/Libs/uart2.o
                    0x085c                  _RX2_index
 .nbss              0x085e          0x2 c:/program files (x86)/microchip/xc16/v1.30/bin/bin/../../lib\libm-elf.a(errno.eo)
                    0x085e                  _errno

.bss                0x0860        0x7c0
 .bss               0x0860        0x630 build/default/production/main.o
                    0x0860                  _buff
                    0x0928                  _buffRX2
                    0x09f0                  _RX_buff
                    0x0a54                  _RX3_buff
                    0x0d74                  _DACP
                    0x0db0                  _AMP_SETPOINT_CHANNEL
                    0x0dc0                  _AMP_ACTUAL_CHANNEL
                    0x0dd0                  _AMP_CHANNEL
                    0x0de0                  _PASSO_TENSAO_CHANNEL
                    0x0df0                  _PASSO_RISE_CHANNEL
                    0x0e00                  _PASSO_FALL_CHANNEL
                    0x0e10                  _PRESETS_AMP
                    0x0e20                  _PRESETS_ABERTURA
                    0x0e30                  _PRESETS_PALMAR1
                    0x0e40                  _PRESETS_PALMAR2
                    0x0e50                  _PRESETS_LATERAL1
                    0x0e60                  _PRESETS_LATERAL2
                    0x0e70                  _PRESETS_EXTENSAO1
                    0x0e80                  _PRESETS_EXTENSAO2
 .bss               0x0e90         0xc8 build/default/production/Libs/uart1.o
                    0x0e90                  _RX1_buff
 .bss               0x0f58         0xc8 build/default/production/Libs/uart2.o
                    0x0f58                  _RX2_buff

.data               0x1020         0xee
 .data              0x1020         0x88 c:/program files (x86)/microchip/xc16/v1.30/bin/bin/../../lib\liblega-c-elf.a(xfiles.XX_eo)
                    0x1020                  __Stdin
                    0x1048                  __Stdout
                    0x1070                  __Stderr
                    0x1098                  __Files
 .data              0x10a8         0x2a build/default/production/main.o
                    0x10a8                  _PROTOCOLO
 .data              0x10d2         0x22 c:/program files (x86)/microchip/xc16/v1.30/bin/bin/../../lib\liblega-c-elf.a(xlitob.XX_eo)
 .data              0x10f4         0x1a c:/program files (x86)/microchip/xc16/v1.30/bin/bin/../../lib\liblega-c-elf.a(xprintf_cdnopuxX.XXeo)

.bss                0x110e          0x6
 .bss               0x110e          0x4 c:/program files (x86)/microchip/xc16/v1.30/bin/bin/../../lib\liblega-c-elf.a(malloc.XX_eo)
                    0x110e                  __Aldata
 .bss               0x1112          0x2 c:/program files (x86)/microchip/xc16/v1.30/bin/bin/../../lib\liblega-c-elf.a(fclose.XX_elo)

.data               0x1114          0x4
 .data              0x1114          0x2 c:/program files (x86)/microchip/xc16/v1.30/bin/bin/../../lib\liblega-c-elf.a(malloc.XX_eo)
                    0x1114                  __Size_block
 .data              0x1116          0x2 c:/program files (x86)/microchip/xc16/v1.30/bin/bin/../../lib\liblega-pic30-elf.a(c30_uart.Leo)
                    0x1116                  ___C30_UART

.bss                0x1118          0x2
 .bss               0x1118          0x2 c:/program files (x86)/microchip/xc16/v1.30/bin/bin/../../lib\liblega-pic30-elf.a(brk.Lelo)
                    0x1118                  ___curbrk

.ivt._IC1Interrupt
                  0x000016          0x2
 .ivt._IC1Interrupt
                  0x000016          0x2 build/default/production/Libs/ic.o

.ivt._IC2Interrupt
                  0x00001e          0x2
 .ivt._IC2Interrupt
                  0x00001e          0x2 build/default/production/Libs/ic.o

.ivt._IC3Interrupt
                  0x00005e          0x2
 .ivt._IC3Interrupt
                  0x00005e          0x2 build/default/production/Libs/ic.o

.ivt._IC4Interrupt
                  0x000060          0x2
 .ivt._IC4Interrupt
                  0x000060          0x2 build/default/production/Libs/ic.o

.ivt._IC5Interrupt
                  0x000062          0x2
 .ivt._IC5Interrupt
                  0x000062          0x2 build/default/production/Libs/ic.o

.ivt._SPI1Interrupt
                  0x000028          0x2
 .ivt._SPI1Interrupt
                  0x000028          0x2 build/default/production/Libs/spi1.o

.ivt._SPI2Interrupt
                  0x000056          0x2
 .ivt._SPI2Interrupt
                  0x000056          0x2 build/default/production/Libs/spi2.o

.config_JTAGEN    0x00abfe          0x2
 .config_JTAGEN
                  0x00abfe          0x2 build/default/production/Libs/system.o

.config_IESO      0x00abfc          0x2
 .config_IESO     0x00abfc          0x2 build/default/production/Libs/system.o

.ivt._T2Interrupt
                  0x000022          0x2
 .ivt._T2Interrupt
                  0x000022          0x2 build/default/production/Libs/timers.o

.ivt._T3Interrupt
                  0x000024          0x2
 .ivt._T3Interrupt
                  0x000024          0x2 build/default/production/Libs/timers.o

.ivt._T5Interrupt
                  0x00004c          0x2
 .ivt._T5Interrupt
                  0x00004c          0x2 build/default/production/Libs/timers.o

.ivt._U1RXInterrupt
                  0x00002a          0x2
 .ivt._U1RXInterrupt
                  0x00002a          0x2 build/default/production/Libs/uart1.o

.ivt._U2RXInterrupt
                  0x000050          0x2
 .ivt._U2RXInterrupt
                  0x000050          0x2 build/default/production/main.o

.ivt._T1Interrupt
                  0x00001a          0x2
 .ivt._T1Interrupt
                  0x00001a          0x2 build/default/production/main.o

.ivt._T4Interrupt
                  0x00004a          0x2
 .ivt._T4Interrupt
                  0x00004a          0x2 build/default/production/main.o

.const              0xb3a2       0x18b6 load address 0x0033a2  
 .const             0xb3a2       0x189a build/default/production/main.o
 .const             0xcc3c         0x10 build/default/production/Libs/uart2.o
 .const             0xcc4c          0xc build/default/production/Libs/uart1.o

.text             0x004c58       0x3f94
 .text            0x004c58       0x2f78 build/default/production/main.o
                  0x004c58                  _MUXSelect
                  0x004d10                  _MUXOff
                  0x004d20                  _DAC_I2C
                  0x004d46                  _Write_EEPROM
                  0x005236                  _Read_EEPROM
                  0x005760                  _Format_EEPROM
                  0x0057e4                  _Show_EEPROM
                  0x005ccc                  _I2Cread
                  0x005cfc                  _UpdateChannel
                  0x005d60                  _UpdateAmplitudes
                  0x005e02                  _Verify_Protocol01
                  0x006a7c                  _Init_Vars
                  0x006b54                  _Rise_Ramp
                  0x006c42                  _Step_Amp
                  0x006d08                  _Request_VBAT
                  0x006d6a                  _Verify_VBAT
                  0x006dcc                  _Initializes_Equipment
                  0x006e18                  _UpdateState
                  0x0074ec                  _CheckONOFF
                  0x00751c                  _Pulso
                  0x007836                  __U2RXInterrupt
                  0x007866                  _UART_Read_Data
                  0x0078b8                  _Pulse300
                  0x007926                  _Pulse_V0
                  0x007988                  _Pulse
                  0x0079ec                  __T1Interrupt
                  0x007a40                  __T4Interrupt
                  0x007a5e                  _main
 .text            0x007bd0        0x5ac build/default/production/Libs/system.o
                  0x007bd0                  _System_Init
                  0x007be0                  _InterruptPriority_set
                  0x007c40                  _PPS
 .text            0x00817c        0x426 build/default/production/Libs/uart2.o
                  0x00817c                  _UART2_set
                  0x008230                  _UART2_Advanced_set
                  0x0082cc                  _UART2_Send
                  0x0082fe                  _UART2_Send_Decimal
                  0x00831a                  _UART2_Send_Char
                  0x008332                  _RX2_Start
                  0x00833a                  _RX2_Stop
                  0x008342                  _UART2_Receive
                  0x0083fc                  _UART2_Receive_TimeOut
 .text            0x0085a2        0x398 build/default/production/Libs/pwm.o
                  0x0085a2                  _PWM_Frequency
                  0x008700                  _PWM_Init
                  0x0088b0                  _PWM_Stop
 .text            0x00893a        0x160 build/default/production/Libs/i2c1.o
                  0x00893a                  _I2C1_set
                  0x008988                  _I2C1_Receive
                  0x0089a0                  _I2C1_Repeated_Start
                  0x0089be                  _I2C1_Start
                  0x0089fa                  _I2C1_Stop
                  0x008a18                  _I2C1_Send
                  0x008a3c                  _I2C1_ACK
                  0x008a6e                  _I2C1_StartOrRepeatedStartDetected
                  0x008a84                  _I2C1_StopDetected
 .text            0x008a9a        0x152 build/default/production/Libs/i2c2.o
                  0x008a9a                  _I2C2_set
                  0x008ada                  _I2C2_Receive
                  0x008af2                  _I2C2_Repeated_Start
                  0x008b10                  _I2C2_Start
                  0x008b4c                  _I2C2_Stop
                  0x008b6a                  _I2C2_Send
                  0x008b8e                  _I2C2_ACK
                  0x008bc0                  _I2C2_StartOrRepeatedStartDetected
                  0x008bd6                  _I2C2_StopDetected

.dinit            0x008bec        0x126
 .dinit           0x008bec        0x126 data_init

.text             0x008d12         0xa4
 .text            0x008d12         0xa4 build/default/production/Libs/adc.o
                  0x008d12                  _ADC_set
                  0x008d24                  _ADC_Advanced_set
                  0x008d8c                  _Analog_Read

.init.delay32     0x008db6         0x1c
 .init.delay32    0x008db6         0x1c c:/program files (x86)/microchip/xc16/v1.30/bin/bin/../../lib\liblega-pic30-elf.a(delay32.Leo)
                  0x008db6                  ___delay32
